Archive member included to satisfy reference by file (symbol)

C:/ST/STM32CubeIDE_1.16.0/STM32CubeIDE/plugins/com.st.stm32cube.ide.mcu.externaltools.gnu-tools-for-stm32.12.3.rel1.win32_1.0.200.202406191623/tools/bin/../lib/gcc/arm-none-eabi/12.3.1/../../../../arm-none-eabi/lib/thumb/v6-m/nofp\libc_nano.a(libc_a-exit.o)
                              C:/ST/STM32CubeIDE_1.16.0/STM32CubeIDE/plugins/com.st.stm32cube.ide.mcu.externaltools.gnu-tools-for-stm32.12.3.rel1.win32_1.0.200.202406191623/tools/bin/../lib/gcc/arm-none-eabi/12.3.1/../../../../arm-none-eabi/lib/thumb/v6-m/nofp/crt0.o (exit)
C:/ST/STM32CubeIDE_1.16.0/STM32CubeIDE/plugins/com.st.stm32cube.ide.mcu.externaltools.gnu-tools-for-stm32.12.3.rel1.win32_1.0.200.202406191623/tools/bin/../lib/gcc/arm-none-eabi/12.3.1/../../../../arm-none-eabi/lib/thumb/v6-m/nofp\libc_nano.a(libc_a-findfp.o)
                              C:/ST/STM32CubeIDE_1.16.0/STM32CubeIDE/plugins/com.st.stm32cube.ide.mcu.externaltools.gnu-tools-for-stm32.12.3.rel1.win32_1.0.200.202406191623/tools/bin/../lib/gcc/arm-none-eabi/12.3.1/../../../../arm-none-eabi/lib/thumb/v6-m/nofp\libc_nano.a(libc_a-exit.o) (__stdio_exit_handler)
C:/ST/STM32CubeIDE_1.16.0/STM32CubeIDE/plugins/com.st.stm32cube.ide.mcu.externaltools.gnu-tools-for-stm32.12.3.rel1.win32_1.0.200.202406191623/tools/bin/../lib/gcc/arm-none-eabi/12.3.1/../../../../arm-none-eabi/lib/thumb/v6-m/nofp\libc_nano.a(libc_a-fwalk.o)
                              C:/ST/STM32CubeIDE_1.16.0/STM32CubeIDE/plugins/com.st.stm32cube.ide.mcu.externaltools.gnu-tools-for-stm32.12.3.rel1.win32_1.0.200.202406191623/tools/bin/../lib/gcc/arm-none-eabi/12.3.1/../../../../arm-none-eabi/lib/thumb/v6-m/nofp\libc_nano.a(libc_a-findfp.o) (_fwalk_sglue)
C:/ST/STM32CubeIDE_1.16.0/STM32CubeIDE/plugins/com.st.stm32cube.ide.mcu.externaltools.gnu-tools-for-stm32.12.3.rel1.win32_1.0.200.202406191623/tools/bin/../lib/gcc/arm-none-eabi/12.3.1/../../../../arm-none-eabi/lib/thumb/v6-m/nofp\libc_nano.a(libc_a-stdio.o)
                              C:/ST/STM32CubeIDE_1.16.0/STM32CubeIDE/plugins/com.st.stm32cube.ide.mcu.externaltools.gnu-tools-for-stm32.12.3.rel1.win32_1.0.200.202406191623/tools/bin/../lib/gcc/arm-none-eabi/12.3.1/../../../../arm-none-eabi/lib/thumb/v6-m/nofp\libc_nano.a(libc_a-findfp.o) (__sread)
C:/ST/STM32CubeIDE_1.16.0/STM32CubeIDE/plugins/com.st.stm32cube.ide.mcu.externaltools.gnu-tools-for-stm32.12.3.rel1.win32_1.0.200.202406191623/tools/bin/../lib/gcc/arm-none-eabi/12.3.1/../../../../arm-none-eabi/lib/thumb/v6-m/nofp\libc_nano.a(libc_a-memset.o)
                              C:/ST/STM32CubeIDE_1.16.0/STM32CubeIDE/plugins/com.st.stm32cube.ide.mcu.externaltools.gnu-tools-for-stm32.12.3.rel1.win32_1.0.200.202406191623/tools/bin/../lib/gcc/arm-none-eabi/12.3.1/../../../../arm-none-eabi/lib/thumb/v6-m/nofp/crt0.o (memset)
C:/ST/STM32CubeIDE_1.16.0/STM32CubeIDE/plugins/com.st.stm32cube.ide.mcu.externaltools.gnu-tools-for-stm32.12.3.rel1.win32_1.0.200.202406191623/tools/bin/../lib/gcc/arm-none-eabi/12.3.1/../../../../arm-none-eabi/lib/thumb/v6-m/nofp\libc_nano.a(libc_a-closer.o)
                              C:/ST/STM32CubeIDE_1.16.0/STM32CubeIDE/plugins/com.st.stm32cube.ide.mcu.externaltools.gnu-tools-for-stm32.12.3.rel1.win32_1.0.200.202406191623/tools/bin/../lib/gcc/arm-none-eabi/12.3.1/../../../../arm-none-eabi/lib/thumb/v6-m/nofp\libc_nano.a(libc_a-stdio.o) (_close_r)
C:/ST/STM32CubeIDE_1.16.0/STM32CubeIDE/plugins/com.st.stm32cube.ide.mcu.externaltools.gnu-tools-for-stm32.12.3.rel1.win32_1.0.200.202406191623/tools/bin/../lib/gcc/arm-none-eabi/12.3.1/../../../../arm-none-eabi/lib/thumb/v6-m/nofp\libc_nano.a(libc_a-reent.o)
                              C:/ST/STM32CubeIDE_1.16.0/STM32CubeIDE/plugins/com.st.stm32cube.ide.mcu.externaltools.gnu-tools-for-stm32.12.3.rel1.win32_1.0.200.202406191623/tools/bin/../lib/gcc/arm-none-eabi/12.3.1/../../../../arm-none-eabi/lib/thumb/v6-m/nofp\libc_nano.a(libc_a-closer.o) (errno)
C:/ST/STM32CubeIDE_1.16.0/STM32CubeIDE/plugins/com.st.stm32cube.ide.mcu.externaltools.gnu-tools-for-stm32.12.3.rel1.win32_1.0.200.202406191623/tools/bin/../lib/gcc/arm-none-eabi/12.3.1/../../../../arm-none-eabi/lib/thumb/v6-m/nofp\libc_nano.a(libc_a-impure.o)
                              C:/ST/STM32CubeIDE_1.16.0/STM32CubeIDE/plugins/com.st.stm32cube.ide.mcu.externaltools.gnu-tools-for-stm32.12.3.rel1.win32_1.0.200.202406191623/tools/bin/../lib/gcc/arm-none-eabi/12.3.1/../../../../arm-none-eabi/lib/thumb/v6-m/nofp\libc_nano.a(libc_a-reent.o) (_impure_ptr)
C:/ST/STM32CubeIDE_1.16.0/STM32CubeIDE/plugins/com.st.stm32cube.ide.mcu.externaltools.gnu-tools-for-stm32.12.3.rel1.win32_1.0.200.202406191623/tools/bin/../lib/gcc/arm-none-eabi/12.3.1/../../../../arm-none-eabi/lib/thumb/v6-m/nofp\libc_nano.a(libc_a-lseekr.o)
[...]
Memory Configuration

Name             Origin             Length             Attributes
RAM              0x20000000         0x00001000         xrw
FLASH            0x08000000         0x00004000         xr
*default*        0x00000000         0xffffffff

Linker script and memory map

LOAD C:/ST/STM32CubeIDE_1.16.0/STM32CubeIDE/plugins/com.st.stm32cube.ide.mcu.externaltools.gnu-tools-for-stm32.12.3.rel1.win32_1.0.200.202406191623/tools/bin/../lib/gcc/arm-none-eabi/12.3.1/thumb/v6-m/nofp/crti.o
LOAD C:/ST/STM32CubeIDE_1.16.0/STM32CubeIDE/plugins/com.st.stm32cube.ide.mcu.externaltools.gnu-tools-for-stm32.12.3.rel1.win32_1.0.200.202406191623/tools/bin/../lib/gcc/arm-none-eabi/12.3.1/thumb/v6-m/nofp/crtbegin.o
LOAD C:/ST/STM32CubeIDE_1.16.0/STM32CubeIDE/plugins/com.st.stm32cube.ide.mcu.externaltools.gnu-tools-for-stm32.12.3.rel1.win32_1.0.200.202406191623/tools/bin/../lib/gcc/arm-none-eabi/12.3.1/../../../../arm-none-eabi/lib/thumb/v6-m/nofp/crt0.o
LOAD ./Core/Src/lcd.o
LOAD ./Core/Src/main.o
LOAD ./Core/Src/stm32f0xx_hal_msp.o
LOAD ./Core/Src/stm32f0xx_it.o
LOAD ./Core/Src/syscalls.o
LOAD ./Core/Src/sysmem.o
LOAD ./Core/Src/system_stm32f0xx.o
LOAD ./Core/Startup/startup_stm32f030f4px.o
LOAD ./Drivers/STM32F0xx_HAL_Driver/Src/stm32f0xx_hal.o
LOAD ./Drivers/STM32F0xx_HAL_Driver/Src/stm32f0xx_hal_cortex.o
LOAD ./Drivers/STM32F0xx_HAL_Driver/Src/stm32f0xx_hal_dma.o
LOAD ./Drivers/STM32F0xx_HAL_Driver/Src/stm32f0xx_hal_exti.o
LOAD ./Drivers/STM32F0xx_HAL_Driver/Src/stm32f0xx_hal_flash.o
LOAD ./Drivers/STM32F0xx_HAL_Driver/Src/stm32f0xx_hal_flash_ex.o
LOAD ./Drivers/STM32F0xx_HAL_Driver/Src/stm32f0xx_hal_gpio.o
LOAD ./Drivers/STM32F0xx_HAL_Driver/Src/stm32f0xx_hal_i2c.o
LOAD ./Drivers/STM32F0xx_HAL_Driver/Src/stm32f0xx_hal_i2c_ex.o
LOAD ./Drivers/STM32F0xx_HAL_Driver/Src/stm32f0xx_hal_pwr.o
LOAD ./Drivers/STM32F0xx_HAL_Driver/Src/stm32f0xx_hal_pwr_ex.o
LOAD ./Drivers/STM32F0xx_HAL_Driver/Src/stm32f0xx_hal_rcc.o
LOAD ./Drivers/STM32F0xx_HAL_Driver/Src/stm32f0xx_hal_rcc_ex.o
LOAD ./Drivers/STM32F0xx_HAL_Driver/Src/stm32f0xx_hal_tim.o
LOAD ./Drivers/STM32F0xx_HAL_Driver/Src/stm32f0xx_hal_tim_ex.o
START GROUP
LOAD C:/ST/STM32CubeIDE_1.16.0/STM32CubeIDE/plugins/com.st.stm32cube.ide.mcu.externaltools.gnu-tools-for-stm32.12.3.rel1.win32_1.0.200.202406191623/tools/bin/../lib/gcc/arm-none-eabi/12.3.1/../../../../arm-none-eabi/lib/thumb/v6-m/nofp\libc_nano.a
LOAD C:/ST/STM32CubeIDE_1.16.0/STM32CubeIDE/plugins/com.st.stm32cube.ide.mcu.externaltools.gnu-tools-for-stm32.12.3.rel1.win32_1.0.200.202406191623/tools/bin/../lib/gcc/arm-none-eabi/12.3.1/../../../../arm-none-eabi/lib/thumb/v6-m/nofp\libm.a
END GROUP
START GROUP
LOAD C:/ST/STM32CubeIDE_1.16.0/STM32CubeIDE/plugins/com.st.stm32cube.ide.mcu.externaltools.gnu-tools-for-stm32.12.3.rel1.win32_1.0.200.202406191623/tools/bin/../lib/gcc/arm-none-eabi/12.3.1/thumb/v6-m/nofp\libgcc.a
LOAD C:/ST/STM32CubeIDE_1.16.0/STM32CubeIDE/plugins/com.st.stm32cube.ide.mcu.externaltools.gnu-tools-for-stm32.12.3.rel1.win32_1.0.200.202406191623/tools/bin/../lib/gcc/arm-none-eabi/12.3.1/../../../../arm-none-eabi/lib/thumb/v6-m/nofp\libc_nano.a
END GROUP
START GROUP
LOAD C:/ST/STM32CubeIDE_1.16.0/STM32CubeIDE/plugins/com.st.stm32cube.ide.mcu.externaltools.gnu-tools-for-stm32.12.3.rel1.win32_1.0.200.202406191623/tools/bin/../lib/gcc/arm-none-eabi/12.3.1/thumb/v6-m/nofp\libgcc.a
LOAD C:/ST/STM32CubeIDE_1.16.0/STM32CubeIDE/plugins/com.st.stm32cube.ide.mcu.externaltools.gnu-tools-for-stm32.12.3.rel1.win32_1.0.200.202406191623/tools/bin/../lib/gcc/arm-none-eabi/12.3.1/../../../../arm-none-eabi/lib/thumb/v6-m/nofp\libc_nano.a
LOAD C:/ST/STM32CubeIDE_1.16.0/STM32CubeIDE/plugins/com.st.stm32cube.ide.mcu.externaltools.gnu-tools-for-stm32.12.3.rel1.win32_1.0.200.202406191623/tools/bin/../lib/gcc/arm-none-eabi/12.3.1/../../../../arm-none-eabi/lib/thumb/v6-m/nofp\libnosys.a
END GROUP
START GROUP
LOAD C:/ST/STM32CubeIDE_1.16.0/STM32CubeIDE/plugins/com.st.stm32cube.ide.mcu.externaltools.gnu-tools-for-stm32.12.3.rel1.win32_1.0.200.202406191623/tools/bin/../lib/gcc/arm-none-eabi/12.3.1/thumb/v6-m/nofp\libgcc.a
LOAD C:/ST/STM32CubeIDE_1.16.0/STM32CubeIDE/plugins/com.st.stm32cube.ide.mcu.externaltools.gnu-tools-for-stm32.12.3.rel1.win32_1.0.200.202406191623/tools/bin/../lib/gcc/arm-none-eabi/12.3.1/../../../../arm-none-eabi/lib/thumb/v6-m/nofp\libc_nano.a
LOAD C:/ST/STM32CubeIDE_1.16.0/STM32CubeIDE/plugins/com.st.stm32cube.ide.mcu.externaltools.gnu-tools-for-stm32.12.3.rel1.win32_1.0.200.202406191623/tools/bin/../lib/gcc/arm-none-eabi/12.3.1/../../../../arm-none-eabi/lib/thumb/v6-m/nofp\libnosys.a
END GROUP
LOAD C:/ST/STM32CubeIDE_1.16.0/STM32CubeIDE/plugins/com.st.stm32cube.ide.mcu.externaltools.gnu-tools-for-stm32.12.3.rel1.win32_1.0.200.202406191623/tools/bin/../lib/gcc/arm-none-eabi/12.3.1/thumb/v6-m/nofp/crtend.o
LOAD C:/ST/STM32CubeIDE_1.16.0/STM32CubeIDE/plugins/com.st.stm32cube.ide.mcu.externaltools.gnu-tools-for-stm32.12.3.rel1.win32_1.0.200.202406191623/tools/bin/../lib/gcc/arm-none-eabi/12.3.1/thumb/v6-m/nofp/crtn.o
                0x20001000                        _estack = (ORIGIN (RAM) + LENGTH (RAM))
                0x00000200                        _Min_Heap_Size = 0x200
                0x00000400                        _Min_Stack_Size = 0x400

.isr_vector     0x08000000       0xc0
                0x08000000                        . = ALIGN (0x4)
 *(.isr_vector)
 .isr_vector    0x08000000       0xc0 ./Core/Startup/startup_stm32f030f4px.o
                0x08000000                g_pfnVectors
                0x080000c0                        . = ALIGN (0x4)

.text           0x080000c0     0x2274
                0x080000c0                        . = ALIGN (0x4)
 *(.text)
 .text          0x080000c0       0x48 C:/ST/STM32CubeIDE_1.16.0/STM32CubeIDE/plugins/com.st.stm32cube.ide.mcu.externaltools.gnu-tools-for-stm32.12.3.rel1.win32_1.0.200.202406191623/tools/bin/../lib/gcc/arm-none-eabi/12.3.1/thumb/v6-m/nofp/crtbegin.o
 .text          0x08000108        0xe C:/ST/STM32CubeIDE_1.16.0/STM32CubeIDE/plugins/com.st.stm32cube.ide.mcu.externaltools.gnu-tools-for-stm32.12.3.rel1.win32_1.0.200.202406191623/tools/bin/../lib/gcc/arm-none-eabi/12.3.1/../../../../arm-none-eabi/lib/thumb/v6-m/nofp\libc_nano.a(libc_a-strlen.o)
                0x08000108                strlen
 *fill*         0x08000116        0x2 
 .text          0x08000118      0x114 C:/ST/STM32CubeIDE_1.16.0/STM32CubeIDE/plugins/com.st.stm32cube.ide.mcu.externaltools.gnu-tools-for-stm32.12.3.rel1.win32_1.0.200.202406191623/tools/bin/../lib/gcc/arm-none-eabi/12.3.1/thumb/v6-m/nofp\libgcc.a(_udivsi3.o)
                0x08000118                __aeabi_uidiv
                0x08000118                __udivsi3
                0x08000224                __aeabi_uidivmod
 .text          0x0800022c        0x4 C:/ST/STM32CubeIDE_1.16.0/STM32CubeIDE/plugins/com.st.stm32cube.ide.mcu.externaltools.gnu-tools-for-stm32.12.3.rel1.win32_1.0.200.202406191623/tools/bin/../lib/gcc/arm-none-eabi/12.3.1/thumb/v6-m/nofp\libgcc.a(_dvmd_tls.o)
                0x0800022c                __aeabi_idiv0
                0x0800022c                __aeabi_ldiv0
 .text          0x08000230       0x48 C:/ST/STM32CubeIDE_1.16.0/STM32CubeIDE/plugins/com.st.stm32cube.ide.mcu.externaltools.gnu-tools-for-stm32.12.3.rel1.win32_1.0.200.202406191623/tools/bin/../lib/gcc/arm-none-eabi/12.3.1/thumb/v6-m/nofp\libgcc.a(_aeabi_ldivmod.o)
                0x08000230                __aeabi_ldivmod
 .text          0x08000278       0x5c C:/ST/STM32CubeIDE_1.16.0/STM32CubeIDE/plugins/com.st.stm32cube.ide.mcu.externaltools.gnu-tools-for-stm32.12.3.rel1.win32_1.0.200.202406191623/tools/bin/../lib/gcc/arm-none-eabi/12.3.1/thumb/v6-m/nofp\libgcc.a(_muldi3.o)
                0x08000278                __muldi3
                0x08000278                __aeabi_lmul
 .text          0x080002d4       0x3c C:/ST/STM32CubeIDE_1.16.0/STM32CubeIDE/plugins/com.st.stm32cube.ide.mcu.externaltools.gnu-tools-for-stm32.12.3.rel1.win32_1.0.200.202406191623/tools/bin/../lib/gcc/arm-none-eabi/12.3.1/thumb/v6-m/nofp\libgcc.a(bpabi.o)
                0x080002d4                __gnu_ldivmod_helper
 .text          0x08000310      0x1e4 C:/ST/STM32CubeIDE_1.16.0/STM32CubeIDE/plugins/com.st.stm32cube.ide.mcu.externaltools.gnu-tools-for-stm32.12.3.rel1.win32_1.0.200.202406191623/tools/bin/../lib/gcc/arm-none-eabi/12.3.1/thumb/v6-m/nofp\libgcc.a(_divdi3.o)
                0x08000310                __divdi3
 .text          0x080004f4       0x18 C:/ST/STM32CubeIDE_1.16.0/STM32CubeIDE/plugins/com.st.stm32cube.ide.mcu.externaltools.gnu-tools-for-stm32.12.3.rel1.win32_1.0.200.202406191623/tools/bin/../lib/gcc/arm-none-eabi/12.3.1/thumb/v6-m/nofp\libgcc.a(_clzdi2.o)
                0x080004f4                __clzdi2
 .text          0x0800050c       0x3c C:/ST/STM32CubeIDE_1.16.0/STM32CubeIDE/plugins/com.st.stm32cube.ide.mcu.externaltools.gnu-tools-for-stm32.12.3.rel1.win32_1.0.200.202406191623/tools/bin/../lib/gcc/arm-none-eabi/12.3.1/thumb/v6-m/nofp\libgcc.a(_clzsi2.o)
                0x0800050c                __clzsi2
 *(.text*)
 .text.Lcd_create
                0x08000548       0x64 ./Core/Src/lcd.o
                0x08000548                Lcd_create
 .text.Lcd_init
                0x080005ac       0x60 ./Core/Src/lcd.o
                0x080005ac                Lcd_init
 .text.Lcd_int  0x0800060c       0x2e ./Core/Src/lcd.o
                0x0800060c                Lcd_int
 .text.Lcd_string
                0x0800063a       0x52 ./Core/Src/lcd.o
                0x0800063a                Lcd_string
 .text.Lcd_cursor
                0x0800068c       0x44 ./Core/Src/lcd.o
                0x0800068c                Lcd_cursor
 .text.Lcd_clear
                0x080006d0       0x1a ./Core/Src/lcd.o
                0x080006d0                Lcd_clear
 .text.lcd_write_command
                0x080006ea       0x64 ./Core/Src/lcd.o
 .text.lcd_write_data
                0x0800074e       0x64 ./Core/Src/lcd.o
 .text.lcd_write
                0x080007b2       0xa0 ./Core/Src/lcd.o
 .text.longLongToStr
                0x08000852      0x162 ./Core/Src/lcd.o
                0x08000852                longLongToStr
 .text.selectRow
                0x080009b4      0x180 ./Core/Src/main.o
                0x080009b4                selectRow
 .text.Keypad_Getkey
                0x08000b34       0xbc ./Core/Src/main.o
                0x08000b34                Keypad_Getkey
 .text.Press.1  0x08000bf0      0x374 ./Core/Src/main.o
 .text.main     0x08000f64       0xa0 ./Core/Src/main.o
                0x08000f64                main
 .text.Release.2
                0x08001004      0x1a8 ./Core/Src/main.o
 .text.Keypad_handle.0
                0x080011ac       0x54 ./Core/Src/main.o
 .text.SystemClock_Config
                0x08001200       0x94 ./Core/Src/main.o
                0x08001200                SystemClock_Config
 .text.MX_GPIO_Init
                0x08001294      0x104 ./Core/Src/main.o
 .text.Error_Handler
                0x08001398        0xc ./Core/Src/main.o
                0x08001398                Error_Handler
 .text.HAL_MspInit
                0x080013a4       0x48 ./Core/Src/stm32f0xx_hal_msp.o
                0x080013a4                HAL_MspInit
 .text.NMI_Handler
                0x080013ec        0x8 ./Core/Src/stm32f0xx_it.o
                0x080013ec                NMI_Handler
 .text.HardFault_Handler
                0x080013f4        0x8 ./Core/Src/stm32f0xx_it.o
                0x080013f4                HardFault_Handler
 .text.SVC_Handler
                0x080013fc        0xa ./Core/Src/stm32f0xx_it.o
                0x080013fc                SVC_Handler
 .text.PendSV_Handler
                0x08001406        0xa ./Core/Src/stm32f0xx_it.o
                0x08001406                PendSV_Handler
 .text.SysTick_Handler
                0x08001410        0xe ./Core/Src/stm32f0xx_it.o
                0x08001410                SysTick_Handler
 .text.SystemInit
                0x0800141e        0xa ./Core/Src/system_stm32f0xx.o
                0x0800141e                SystemInit
 .text.Reset_Handler
                0x08001428       0x50 ./Core/Startup/startup_stm32f030f4px.o
                0x08001428                Reset_Handler
 .text.Default_Handler
                0x08001478        0x2 ./Core/Startup/startup_stm32f030f4px.o
                0x08001478                TIM1_CC_IRQHandler
                0x08001478                I2C1_IRQHandler
                0x08001478                SPI1_IRQHandler
                0x08001478                EXTI2_3_IRQHandler
                0x08001478                ADC1_IRQHandler
                0x08001478                TIM17_IRQHandler
                0x08001478                RTC_IRQHandler
                0x08001478                TIM16_IRQHandler
                0x08001478                TIM3_IRQHandler
                0x08001478                EXTI4_15_IRQHandler
                0x08001478                RCC_IRQHandler
                0x08001478                DMA1_Channel1_IRQHandler
                0x08001478                Default_Handler
                0x08001478                TIM14_IRQHandler
                0x08001478                DMA1_Channel4_5_IRQHandler
                0x08001478                EXTI0_1_IRQHandler
                0x08001478                WWDG_IRQHandler
                0x08001478                DMA1_Channel2_3_IRQHandler
                0x08001478                FLASH_IRQHandler
                0x08001478                USART1_IRQHandler
                0x08001478                TIM1_BRK_UP_TRG_COM_IRQHandler
 *fill*         0x0800147a        0x2 
 .text.HAL_Init
                0x0800147c       0x28 ./Drivers/STM32F0xx_HAL_Driver/Src/stm32f0xx_hal.o
                0x0800147c                HAL_Init
 .text.HAL_InitTick
                0x080014a4       0x68 ./Drivers/STM32F0xx_HAL_Driver/Src/stm32f0xx_hal.o
                0x080014a4                HAL_InitTick
 .text.HAL_IncTick
                0x0800150c       0x24 ./Drivers/STM32F0xx_HAL_Driver/Src/stm32f0xx_hal.o
                0x0800150c                HAL_IncTick
 .text.HAL_GetTick
                0x08001530       0x14 ./Drivers/STM32F0xx_HAL_Driver/Src/stm32f0xx_hal.o
                0x08001530                HAL_GetTick
 .text.HAL_Delay
                0x08001544       0x48 ./Drivers/STM32F0xx_HAL_Driver/Src/stm32f0xx_hal.o
                0x08001544                HAL_Delay
 .text.__NVIC_SetPriority
                0x0800158c       0xdc ./Drivers/STM32F0xx_HAL_Driver/Src/stm32f0xx_hal_cortex.o
 .text.SysTick_Config
                0x08001668       0x48 ./Drivers/STM32F0xx_HAL_Driver/Src/stm32f0xx_hal_cortex.o
 .text.HAL_NVIC_SetPriority
                0x080016b0       0x2a ./Drivers/STM32F0xx_HAL_Driver/Src/stm32f0xx_hal_cortex.o
                0x080016b0                HAL_NVIC_SetPriority
 .text.HAL_SYSTICK_Config
                0x080016da       0x1a ./Drivers/STM32F0xx_HAL_Driver/Src/stm32f0xx_hal_cortex.o
                0x080016da                HAL_SYSTICK_Config
 .text.HAL_GPIO_Init
                0x080016f4      0x2e0 ./Drivers/STM32F0xx_HAL_Driver/Src/stm32f0xx_hal_gpio.o
                0x080016f4                HAL_GPIO_Init
 .text.HAL_GPIO_ReadPin
                0x080019d4       0x3a ./Drivers/STM32F0xx_HAL_Driver/Src/stm32f0xx_hal_gpio.o
                0x080019d4                HAL_GPIO_ReadPin
 .text.HAL_GPIO_WritePin
                0x08001a0e       0x3a ./Drivers/STM32F0xx_HAL_Driver/Src/stm32f0xx_hal_gpio.o
                0x08001a0e                HAL_GPIO_WritePin
 .text.HAL_RCC_OscConfig
                0x08001a48      0x634 ./Drivers/STM32F0xx_HAL_Driver/Src/stm32f0xx_hal_rcc.o
                0x08001a48                HAL_RCC_OscConfig
 .text.HAL_RCC_ClockConfig
                0x0800207c      0x19c ./Drivers/STM32F0xx_HAL_Driver/Src/stm32f0xx_hal_rcc.o
                0x0800207c                HAL_RCC_ClockConfig
 .text.HAL_RCC_GetSysClockFreq
                0x08002218       0xac ./Drivers/STM32F0xx_HAL_Driver/Src/stm32f0xx_hal_rcc.o
                0x08002218                HAL_RCC_GetSysClockFreq
 .text.memset   0x080022c4       0x10 C:/ST/STM32CubeIDE_1.16.0/STM32CubeIDE/plugins/com.st.stm32cube.ide.mcu.externaltools.gnu-tools-for-stm32.12.3.rel1.win32_1.0.200.202406191623/tools/bin/../lib/gcc/arm-none-eabi/12.3.1/../../../../arm-none-eabi/lib/thumb/v6-m/nofp\libc_nano.a(libc_a-memset.o)
                0x080022c4                memset
 .text.__libc_init_array
                0x080022d4       0x48 C:/ST/STM32CubeIDE_1.16.0/STM32CubeIDE/plugins/com.st.stm32cube.ide.mcu.externaltools.gnu-tools-for-stm32.12.3.rel1.win32_1.0.200.202406191623/tools/bin/../lib/gcc/arm-none-eabi/12.3.1/../../../../arm-none-eabi/lib/thumb/v6-m/nofp\libc_nano.a(libc_a-init.o)
                0x080022d4                __libc_init_array
 *(.glue_7)
 .glue_7        0x0800231c        0x0 linker stubs
 *(.glue_7t)
 .glue_7t       0x0800231c        0x0 linker stubs
 *(.eh_frame)
 .eh_frame      0x0800231c        0x0 C:/ST/STM32CubeIDE_1.16.0/STM32CubeIDE/plugins/com.st.stm32cube.ide.mcu.externaltools.gnu-tools-for-stm32.12.3.rel1.win32_1.0.200.202406191623/tools/bin/../lib/gcc/arm-none-eabi/12.3.1/thumb/v6-m/nofp/crtbegin.o
 *(.init)
 .init          0x0800231c        0x4 C:/ST/STM32CubeIDE_1.16.0/STM32CubeIDE/plugins/com.st.stm32cube.ide.mcu.externaltools.gnu-tools-for-stm32.12.3.rel1.win32_1.0.200.202406191623/tools/bin/../lib/gcc/arm-none-eabi/12.3.1/thumb/v6-m/nofp/crti.o
                0x0800231c                _init
 .init          0x08002320        0x8 C:/ST/STM32CubeIDE_1.16.0/STM32CubeIDE/plugins/com.st.stm32cube.ide.mcu.externaltools.gnu-tools-for-stm32.12.3.rel1.win32_1.0.200.202406191623/tools/bin/../lib/gcc/arm-none-eabi/12.3.1/thumb/v6-m/nofp/crtn.o
 *(.fini)
 .fini          0x08002328        0x4 C:/ST/STM32CubeIDE_1.16.0/STM32CubeIDE/plugins/com.st.stm32cube.ide.mcu.externaltools.gnu-tools-for-stm32.12.3.rel1.win32_1.0.200.202406191623/tools/bin/../lib/gcc/arm-none-eabi/12.3.1/thumb/v6-m/nofp/crti.o
                0x08002328                _fini
 .fini          0x0800232c        0x8 C:/ST/STM32CubeIDE_1.16.0/STM32CubeIDE/plugins/com.st.stm32cube.ide.mcu.externaltools.gnu-tools-for-stm32.12.3.rel1.win32_1.0.200.202406191623/tools/bin/../lib/gcc/arm-none-eabi/12.3.1/thumb/v6-m/nofp/crtn.o
                0x08002334                        . = ALIGN (0x4)
                0x08002334                        _etext = .

.vfp11_veneer   0x08002334        0x0
 .vfp11_veneer  0x08002334        0x0 linker stubs

.v4_bx          0x08002334        0x0
 .v4_bx         0x08002334        0x0 linker stubs

.iplt           0x08002334        0x0
 .iplt          0x08002334        0x0 C:/ST/STM32CubeIDE_1.16.0/STM32CubeIDE/plugins/com.st.stm32cube.ide.mcu.externaltools.gnu-tools-for-stm32.12.3.rel1.win32_1.0.200.202406191623/tools/bin/../lib/gcc/arm-none-eabi/12.3.1/thumb/v6-m/nofp/crtbegin.o

.rodata         0x08002334       0x8c
                0x08002334                        . = ALIGN (0x4)
 *(.rodata)
 .rodata        0x08002334       0x28 ./Core/Src/main.o
 *(.rodata*)
 .rodata.ROW_16
                0x0800235c        0x4 ./Core/Src/lcd.o
                0x0800235c                ROW_16
 .rodata.key_code
                0x08002360       0x10 ./Core/Src/main.o
                0x08002360                key_code
 .rodata.selectRow
                0x08002370       0x20 ./Core/Src/main.o
 .rodata.AHBPrescTable
                0x08002390       0x10 ./Core/Src/system_stm32f0xx.o
                0x08002390                AHBPrescTable
 .rodata.aPLLMULFactorTable.1
                0x080023a0       0x10 ./Drivers/STM32F0xx_HAL_Driver/Src/stm32f0xx_hal_rcc.o
 .rodata.aPredivFactorTable.0
                0x080023b0       0x10 ./Drivers/STM32F0xx_HAL_Driver/Src/stm32f0xx_hal_rcc.o
                0x080023c0                        . = ALIGN (0x4)

.ARM.extab      0x080023c0        0x0
                0x080023c0                        . = ALIGN (0x4)
 *(.ARM.extab* .gnu.linkonce.armextab.*)
                0x080023c0                        . = ALIGN (0x4)

.ARM            0x080023c0        0x8
                0x080023c0                        . = ALIGN (0x4)
                0x080023c0                        __exidx_start = .
 *(.ARM.exidx*)
 .ARM.exidx     0x080023c0        0x8 C:/ST/STM32CubeIDE_1.16.0/STM32CubeIDE/plugins/com.st.stm32cube.ide.mcu.externaltools.gnu-tools-for-stm32.12.3.rel1.win32_1.0.200.202406191623/tools/bin/../lib/gcc/arm-none-eabi/12.3.1/thumb/v6-m/nofp\libgcc.a(_divdi3.o)
                0x080023c8                        __exidx_end = .
                0x080023c8                        . = ALIGN (0x4)

.preinit_array  0x080023c8        0x0
                0x080023c8                        . = ALIGN (0x4)
                0x080023c8                        PROVIDE (__preinit_array_start = .)
 *(.preinit_array*)
                0x080023c8                        PROVIDE (__preinit_array_end = .)
                0x080023c8                        . = ALIGN (0x4)

.init_array     0x080023c8        0x4
                0x080023c8                        . = ALIGN (0x4)
                0x080023c8                        PROVIDE (__init_array_start = .)
 *(SORT_BY_NAME(.init_array.*))
 *(.init_array*)
 .init_array    0x080023c8        0x4 C:/ST/STM32CubeIDE_1.16.0/STM32CubeIDE/plugins/com.st.stm32cube.ide.mcu.externaltools.gnu-tools-for-stm32.12.3.rel1.win32_1.0.200.202406191623/tools/bin/../lib/gcc/arm-none-eabi/12.3.1/thumb/v6-m/nofp/crtbegin.o
                0x080023cc                        PROVIDE (__init_array_end = .)
                0x080023cc                        . = ALIGN (0x4)

.fini_array     0x080023cc        0x4
                0x080023cc                        . = ALIGN (0x4)
                [!provide]                        PROVIDE (__fini_array_start = .)
 *(SORT_BY_NAME(.fini_array.*))
 *(.fini_array*)
 .fini_array    0x080023cc        0x4 C:/ST/STM32CubeIDE_1.16.0/STM32CubeIDE/plugins/com.st.stm32cube.ide.mcu.externaltools.gnu-tools-for-stm32.12.3.rel1.win32_1.0.200.202406191623/tools/bin/../lib/gcc/arm-none-eabi/12.3.1/thumb/v6-m/nofp/crtbegin.o
                [!provide]                        PROVIDE (__fini_array_end = .)
                0x080023d0                        . = ALIGN (0x4)
                0x080023d0                        _sidata = LOADADDR (.data)

.rel.dyn        0x080023d0        0x0
 .rel.iplt      0x080023d0        0x0 C:/ST/STM32CubeIDE_1.16.0/STM32CubeIDE/plugins/com.st.stm32cube.ide.mcu.externaltools.gnu-tools-for-stm32.12.3.rel1.win32_1.0.200.202406191623/tools/bin/../lib/gcc/arm-none-eabi/12.3.1/thumb/v6-m/nofp/crtbegin.o

.data           0x20000000        0xc load address 0x080023d0
                0x20000000                        . = ALIGN (0x4)
                0x20000000                        _sdata = .
 *(.data)
 *(.data*)
 .data.SystemCoreClock
                0x20000000        0x4 ./Core/Src/system_stm32f0xx.o
                0x20000000                SystemCoreClock
 .data.uwTickPrio
                0x20000004        0x4 ./Drivers/STM32F0xx_HAL_Driver/Src/stm32f0xx_hal.o
                0x20000004                uwTickPrio
 .data.uwTickFreq
                0x20000008        0x1 ./Drivers/STM32F0xx_HAL_Driver/Src/stm32f0xx_hal.o
                0x20000008                uwTickFreq
 *(.RamFunc)
 *(.RamFunc*)
                0x2000000c                        . = ALIGN (0x4)
 *fill*         0x20000009        0x3 
                0x2000000c                        _edata = .

.igot.plt       0x2000000c        0x0 load address 0x080023dc
 .igot.plt      0x2000000c        0x0 C:/ST/STM32CubeIDE_1.16.0/STM32CubeIDE/plugins/com.st.stm32cube.ide.mcu.externaltools.gnu-tools-for-stm32.12.3.rel1.win32_1.0.200.202406191623/tools/bin/../lib/gcc/arm-none-eabi/12.3.1/thumb/v6-m/nofp/crtbegin.o
                0x2000000c                        . = ALIGN (0x4)

.bss            0x20000010       0x98 load address 0x080023dc
                0x20000010                        _sbss = .
                0x20000010                        __bss_start__ = _sbss
 *(.bss)
 .bss           0x20000010       0x1c C:/ST/STM32CubeIDE_1.16.0/STM32CubeIDE/plugins/com.st.stm32cube.ide.mcu.externaltools.gnu-tools-for-stm32.12.3.rel1.win32_1.0.200.202406191623/tools/bin/../lib/gcc/arm-none-eabi/12.3.1/thumb/v6-m/nofp/crtbegin.o
 *(.bss*)
 *fill*         0x2000002c        0x4 
 .bss.num       0x20000030       0x50 ./Core/Src/main.o
                0x20000030                num
 .bss.equaltion
                0x20000080        0x9 ./Core/Src/main.o
                0x20000080                equaltion
 .bss.pos       0x20000089        0x1 ./Core/Src/main.o
                0x20000089                pos
 .bss.key_current
                0x2000008a        0x1 ./Core/Src/main.o
                0x2000008a                key_current
 .bss.key_last  0x2000008b        0x1 ./Core/Src/main.o
                0x2000008b                key_last
 *fill*         0x2000008c        0x4 
 .bss.kq        0x20000090        0x8 ./Core/Src/main.o
                0x20000090                kq
 .bss.num1      0x20000098        0x8 ./Core/Src/main.o
                0x20000098                num1
 .bss.row       0x200000a0        0x1 ./Core/Src/main.o
                0x200000a0                row
 *fill*         0x200000a1        0x3 
 .bss.uwTick    0x200000a4        0x4 ./Drivers/STM32F0xx_HAL_Driver/Src/stm32f0xx_hal.o
                0x200000a4                uwTick
 *(COMMON)
                0x200000a8                        . = ALIGN (0x4)
                0x200000a8                        _ebss = .
                0x200000a8                        __bss_end__ = _ebss

._user_heap_stack
                0x200000a8      0x600 load address 0x080023dc
                0x200000a8                        . = ALIGN (0x8)
                [!provide]                        PROVIDE (end = .)
                0x200000a8                        PROVIDE (_end = .)
                0x200002a8                        . = (. + _Min_Heap_Size)
 *fill*         0x200000a8      0x200 
                0x200006a8                        . = (. + _Min_Stack_Size)
 *fill*         0x200002a8      0x400 
                0x200006a8                        . = ALIGN (0x8)

/DISCARD/
 libc.a(*)
 libm.a(*)
 libgcc.a(*)

.ARM.attributes
                0x00000000       0x28
 *(.ARM.attributes)
 .ARM.attributes
                0x00000000       0x1e C:/ST/STM32CubeIDE_1.16.0/STM32CubeIDE/plugins/com.st.stm32cube.ide.mcu.externaltools.gnu-tools-for-stm32.12.3.rel1.win32_1.0.200.202406191623/tools/bin/../lib/gcc/arm-none-eabi/12.3.1/thumb/v6-m/nofp/crti.o
 .ARM.attributes
                0x0000001e       0x2c C:/ST/STM32CubeIDE_1.16.0/STM32CubeIDE/plugins/com.st.stm32cube.ide.mcu.externaltools.gnu-tools-for-stm32.12.3.rel1.win32_1.0.200.202406191623/tools/bin/../lib/gcc/arm-none-eabi/12.3.1/thumb/v6-m/nofp/crtbegin.o
 .ARM.attributes
                0x0000004a       0x2c ./Core/Src/lcd.o
 .ARM.attributes
                0x00000076       0x2c ./Core/Src/main.o
 .ARM.attributes
                0x000000a2       0x2c ./Core/Src/stm32f0xx_hal_msp.o
 .ARM.attributes
                0x000000ce       0x2c ./Core/Src/stm32f0xx_it.o
 .ARM.attributes
                0x000000fa       0x2c ./Core/Src/system_stm32f0xx.o
 .ARM.attributes
                0x00000126       0x21 ./Core/Startup/startup_stm32f030f4px.o
 .ARM.attributes
                0x00000147       0x2c ./Drivers/STM32F0xx_HAL_Driver/Src/stm32f0xx_hal.o
 .ARM.attributes
                0x00000173       0x2c ./Drivers/STM32F0xx_HAL_Driver/Src/stm32f0xx_hal_cortex.o
 .ARM.attributes
                0x0000019f       0x2c ./Drivers/STM32F0xx_HAL_Driver/Src/stm32f0xx_hal_gpio.o
 .ARM.attributes
                0x000001cb       0x2c ./Drivers/STM32F0xx_HAL_Driver/Src/stm32f0xx_hal_rcc.o
 .ARM.attributes
                0x000001f7       0x2c C:/ST/STM32CubeIDE_1.16.0/STM32CubeIDE/plugins/com.st.stm32cube.ide.mcu.externaltools.gnu-tools-for-stm32.12.3.rel1.win32_1.0.200.202406191623/tools/bin/../lib/gcc/arm-none-eabi/12.3.1/../../../../arm-none-eabi/lib/thumb/v6-m/nofp\libc_nano.a(libc_a-memset.o)
 .ARM.attributes
                0x00000223       0x2c C:/ST/STM32CubeIDE_1.16.0/STM32CubeIDE/plugins/com.st.stm32cube.ide.mcu.externaltools.gnu-tools-for-stm32.12.3.rel1.win32_1.0.200.202406191623/tools/bin/../lib/gcc/arm-none-eabi/12.3.1/../../../../arm-none-eabi/lib/thumb/v6-m/nofp\libc_nano.a(libc_a-init.o)
 .ARM.attributes
                0x0000024f       0x1c C:/ST/STM32CubeIDE_1.16.0/STM32CubeIDE/plugins/com.st.stm32cube.ide.mcu.externaltools.gnu-tools-for-stm32.12.3.rel1.win32_1.0.200.202406191623/tools/bin/../lib/gcc/arm-none-eabi/12.3.1/../../../../arm-none-eabi/lib/thumb/v6-m/nofp\libc_nano.a(libc_a-strlen.o)
 .ARM.attributes
                0x0000026b       0x1e C:/ST/STM32CubeIDE_1.16.0/STM32CubeIDE/plugins/com.st.stm32cube.ide.mcu.externaltools.gnu-tools-for-stm32.12.3.rel1.win32_1.0.200.202406191623/tools/bin/../lib/gcc/arm-none-eabi/12.3.1/thumb/v6-m/nofp\libgcc.a(_udivsi3.o)
 .ARM.attributes
                0x00000289       0x1e C:/ST/STM32CubeIDE_1.16.0/STM32CubeIDE/plugins/com.st.stm32cube.ide.mcu.externaltools.gnu-tools-for-stm32.12.3.rel1.win32_1.0.200.202406191623/tools/bin/../lib/gcc/arm-none-eabi/12.3.1/thumb/v6-m/nofp\libgcc.a(_dvmd_tls.o)
 .ARM.attributes
                0x000002a7       0x1e C:/ST/STM32CubeIDE_1.16.0/STM32CubeIDE/plugins/com.st.stm32cube.ide.mcu.externaltools.gnu-tools-for-stm32.12.3.rel1.win32_1.0.200.202406191623/tools/bin/../lib/gcc/arm-none-eabi/12.3.1/thumb/v6-m/nofp\libgcc.a(_aeabi_ldivmod.o)
 .ARM.attributes
                0x000002c5       0x2c C:/ST/STM32CubeIDE_1.16.0/STM32CubeIDE/plugins/com.st.stm32cube.ide.mcu.externaltools.gnu-tools-for-stm32.12.3.rel1.win32_1.0.200.202406191623/tools/bin/../lib/gcc/arm-none-eabi/12.3.1/thumb/v6-m/nofp\libgcc.a(_muldi3.o)
 .ARM.attributes
                0x000002f1       0x2c C:/ST/STM32CubeIDE_1.16.0/STM32CubeIDE/plugins/com.st.stm32cube.ide.mcu.externaltools.gnu-tools-for-stm32.12.3.rel1.win32_1.0.200.202406191623/tools/bin/../lib/gcc/arm-none-eabi/12.3.1/thumb/v6-m/nofp\libgcc.a(bpabi.o)
 .ARM.attributes
                0x0000031d       0x2c C:/ST/STM32CubeIDE_1.16.0/STM32CubeIDE/plugins/com.st.stm32cube.ide.mcu.externaltools.gnu-tools-for-stm32.12.3.rel1.win32_1.0.200.202406191623/tools/bin/../lib/gcc/arm-none-eabi/12.3.1/thumb/v6-m/nofp\libgcc.a(_divdi3.o)
 .ARM.attributes
                0x00000349       0x1e C:/ST/STM32CubeIDE_1.16.0/STM32CubeIDE/plugins/com.st.stm32cube.ide.mcu.externaltools.gnu-tools-for-stm32.12.3.rel1.win32_1.0.200.202406191623/tools/bin/../lib/gcc/arm-none-eabi/12.3.1/thumb/v6-m/nofp\libgcc.a(_clzdi2.o)
 .ARM.attributes
                0x00000367       0x1e C:/ST/STM32CubeIDE_1.16.0/STM32CubeIDE/plugins/com.st.stm32cube.ide.mcu.externaltools.gnu-tools-for-stm32.12.3.rel1.win32_1.0.200.202406191623/tools/bin/../lib/gcc/arm-none-eabi/12.3.1/thumb/v6-m/nofp\libgcc.a(_clzsi2.o)
 .ARM.attributes
                0x00000385       0x1e C:/ST/STM32CubeIDE_1.16.0/STM32CubeIDE/plugins/com.st.stm32cube.ide.mcu.externaltools.gnu-tools-for-stm32.12.3.rel1.win32_1.0.200.202406191623/tools/bin/../lib/gcc/arm-none-eabi/12.3.1/thumb/v6-m/nofp/crtn.o
OUTPUT(LCDtest.elf elf32-littlearm)
LOAD linker stubs
LOAD C:/ST/STM32CubeIDE_1.16.0/STM32CubeIDE/plugins/com.st.stm32cube.ide.mcu.externaltools.gnu-tools-for-stm32.12.3.rel1.win32_1.0.200.202406191623/tools/bin/../lib/gcc/arm-none-eabi/12.3.1/../../../../arm-none-eabi/lib/thumb/v6-m/nofp\libc.a
LOAD C:/ST/STM32CubeIDE_1.16.0/STM32CubeIDE/plugins/com.st.stm32cube.ide.mcu.externaltools.gnu-tools-for-stm32.12.3.rel1.win32_1.0.200.202406191623/tools/bin/../lib/gcc/arm-none-eabi/12.3.1/../../../../arm-none-eabi/lib/thumb/v6-m/nofp\libm.a
LOAD C:/ST/STM32CubeIDE_1.16.0/STM32CubeIDE/plugins/com.st.stm32cube.ide.mcu.externaltools.gnu-tools-for-stm32.12.3.rel1.win32_1.0.200.202406191623/tools/bin/../lib/gcc/arm-none-eabi/12.3.1/thumb/v6-m/nofp\libgcc.a

.debug_info     0x00000000     0x2f82
 .debug_info    0x00000000      0x659 ./Core/Src/lcd.o
 .debug_info    0x00000659      0x970 ./Core/Src/main.o
 .debug_info    0x00000fc9      0x199 ./Core/Src/stm32f0xx_hal_msp.o
 .debug_info    0x00001162       0xd3 ./Core/Src/stm32f0xx_it.o
 .debug_info    0x00001235      0x242 ./Core/Src/system_stm32f0xx.o
 .debug_info    0x00001477       0x30 ./Core/Startup/startup_stm32f030f4px.o
 .debug_info    0x000014a7      0x652 ./Drivers/STM32F0xx_HAL_Driver/Src/stm32f0xx_hal.o
 .debug_info    0x00001af9      0x67d ./Drivers/STM32F0xx_HAL_Driver/Src/stm32f0xx_hal_cortex.o
 .debug_info    0x00002176      0x5c8 ./Drivers/STM32F0xx_HAL_Driver/Src/stm32f0xx_hal_gpio.o
 .debug_info    0x0000273e      0x844 ./Drivers/STM32F0xx_HAL_Driver/Src/stm32f0xx_hal_rcc.o

.debug_abbrev   0x00000000     0x108f
 .debug_abbrev  0x00000000      0x1bb ./Core/Src/lcd.o
 .debug_abbrev  0x000001bb      0x333 ./Core/Src/main.o
 .debug_abbrev  0x000004ee       0xc6 ./Core/Src/stm32f0xx_hal_msp.o
 .debug_abbrev  0x000005b4       0x73 ./Core/Src/stm32f0xx_it.o
 .debug_abbrev  0x00000627      0x11c ./Core/Src/system_stm32f0xx.o
 .debug_abbrev  0x00000743       0x24 ./Core/Startup/startup_stm32f030f4px.o
 .debug_abbrev  0x00000767      0x24b ./Drivers/STM32F0xx_HAL_Driver/Src/stm32f0xx_hal.o
 .debug_abbrev  0x000009b2      0x28c ./Drivers/STM32F0xx_HAL_Driver/Src/stm32f0xx_hal_cortex.o
 .debug_abbrev  0x00000c3e      0x1c6 ./Drivers/STM32F0xx_HAL_Driver/Src/stm32f0xx_hal_gpio.o
 .debug_abbrev  0x00000e04      0x28b ./Drivers/STM32F0xx_HAL_Driver/Src/stm32f0xx_hal_rcc.o

.debug_aranges  0x00000000      0x3e8
 .debug_aranges
                0x00000000       0x70 ./Core/Src/lcd.o
 .debug_aranges
                0x00000070       0x60 ./Core/Src/main.o
 .debug_aranges
                0x000000d0       0x20 ./Core/Src/stm32f0xx_hal_msp.o
 .debug_aranges
                0x000000f0       0x40 ./Core/Src/stm32f0xx_it.o
 .debug_aranges
                0x00000130       0x28 ./Core/Src/system_stm32f0xx.o
 .debug_aranges
                0x00000158       0x28 ./Core/Startup/startup_stm32f030f4px.o
 .debug_aranges
                0x00000180       0xd0 ./Drivers/STM32F0xx_HAL_Driver/Src/stm32f0xx_hal.o
 .debug_aranges
                0x00000250       0xc0 ./Drivers/STM32F0xx_HAL_Driver/Src/stm32f0xx_hal_cortex.o
 .debug_aranges
                0x00000310       0x58 ./Drivers/STM32F0xx_HAL_Driver/Src/stm32f0xx_hal_gpio.o
 .debug_aranges
                0x00000368       0x80 ./Drivers/STM32F0xx_HAL_Driver/Src/stm32f0xx_hal_rcc.o

.debug_rnglists
                0x00000000      0x2cf
 .debug_rnglists
                0x00000000       0x51 ./Core/Src/lcd.o
 .debug_rnglists
                0x00000051       0x4a ./Core/Src/main.o
 .debug_rnglists
                0x0000009b       0x13 ./Core/Src/stm32f0xx_hal_msp.o
 .debug_rnglists
                0x000000ae       0x2b ./Core/Src/stm32f0xx_it.o
 .debug_rnglists
                0x000000d9       0x1a ./Core/Src/system_stm32f0xx.o
 .debug_rnglists
                0x000000f3       0x19 ./Core/Startup/startup_stm32f030f4px.o
 .debug_rnglists
                0x0000010c       0x97 ./Drivers/STM32F0xx_HAL_Driver/Src/stm32f0xx_hal.o
 .debug_rnglists
                0x000001a3       0x8c ./Drivers/STM32F0xx_HAL_Driver/Src/stm32f0xx_hal_cortex.o
 .debug_rnglists
                0x0000022f       0x3f ./Drivers/STM32F0xx_HAL_Driver/Src/stm32f0xx_hal_gpio.o
 .debug_rnglists
                0x0000026e       0x61 ./Drivers/STM32F0xx_HAL_Driver/Src/stm32f0xx_hal_rcc.o

.debug_macro    0x00000000     0xee1e
 .debug_macro   0x00000000      0x2b3 ./Core/Src/lcd.o
 .debug_macro   0x000002b3      0xa8a ./Core/Src/lcd.o
 .debug_macro   0x00000d3d      0x127 ./Core/Src/lcd.o
 .debug_macro   0x00000e64       0x2e ./Core/Src/lcd.o
 .debug_macro   0x00000e92       0x22 ./Core/Src/lcd.o
 .debug_macro   0x00000eb4       0x22 ./Core/Src/lcd.o
 .debug_macro   0x00000ed6       0x8e ./Core/Src/lcd.o
 .debug_macro   0x00000f64       0x51 ./Core/Src/lcd.o
 .debug_macro   0x00000fb5      0x103 ./Core/Src/lcd.o
 .debug_macro   0x000010b8       0x6a ./Core/Src/lcd.o
 .debug_macro   0x00001122      0x1df ./Core/Src/lcd.o
 .debug_macro   0x00001301       0x1c ./Core/Src/lcd.o
 .debug_macro   0x0000131d       0x22 ./Core/Src/lcd.o
 .debug_macro   0x0000133f       0xaf ./Core/Src/lcd.o
 .debug_macro   0x000013ee      0x391 ./Core/Src/lcd.o
 .debug_macro   0x0000177f     0x6e6e ./Core/Src/lcd.o
 .debug_macro   0x000085ed       0x66 ./Core/Src/lcd.o
 .debug_macro   0x00008653     0x34da ./Core/Src/lcd.o
 .debug_macro   0x0000bb2d      0x189 ./Core/Src/lcd.o
 .debug_macro   0x0000bcb6       0x55 ./Core/Src/lcd.o
 .debug_macro   0x0000bd0b      0x924 ./Core/Src/lcd.o
 .debug_macro   0x0000c62f       0xe5 ./Core/Src/lcd.o
 .debug_macro   0x0000c714      0x1ae ./Core/Src/lcd.o
 .debug_macro   0x0000c8c2       0xb3 ./Core/Src/lcd.o
 .debug_macro   0x0000c975      0x1a0 ./Core/Src/lcd.o
 .debug_macro   0x0000cb15      0x1ed ./Core/Src/lcd.o
 .debug_macro   0x0000cd02       0x34 ./Core/Src/lcd.o
 .debug_macro   0x0000cd36       0x43 ./Core/Src/lcd.o
 .debug_macro   0x0000cd79       0x28 ./Core/Src/lcd.o
 .debug_macro   0x0000cda1       0xb0 ./Core/Src/lcd.o
 .debug_macro   0x0000ce51      0x15a ./Core/Src/lcd.o
 .debug_macro   0x0000cfab      0x22c ./Core/Src/lcd.o
 .debug_macro   0x0000d1d7       0x61 ./Core/Src/lcd.o
 .debug_macro   0x0000d238       0xa5 ./Core/Src/lcd.o
 .debug_macro   0x0000d2dd       0x4c ./Core/Src/lcd.o
 .debug_macro   0x0000d329       0x2b ./Core/Src/lcd.o
 .debug_macro   0x0000d354       0xf1 ./Core/Src/lcd.o
 .debug_macro   0x0000d445       0x61 ./Core/Src/lcd.o
 .debug_macro   0x0000d4a6       0x24 ./Core/Src/lcd.o
 .debug_macro   0x0000d4ca       0x43 ./Core/Src/lcd.o
 .debug_macro   0x0000d50d       0x34 ./Core/Src/lcd.o
 .debug_macro   0x0000d541       0x16 ./Core/Src/lcd.o
 .debug_macro   0x0000d557       0x43 ./Core/Src/lcd.o
 .debug_macro   0x0000d59a       0x34 ./Core/Src/lcd.o
 .debug_macro   0x0000d5ce       0x10 ./Core/Src/lcd.o
 .debug_macro   0x0000d5de       0x58 ./Core/Src/lcd.o
 .debug_macro   0x0000d636       0x8e ./Core/Src/lcd.o
 .debug_macro   0x0000d6c4       0x1c ./Core/Src/lcd.o
 .debug_macro   0x0000d6e0      0x177 ./Core/Src/lcd.o
 .debug_macro   0x0000d857      0x369 ./Core/Src/lcd.o
 .debug_macro   0x0000dbc0       0x10 ./Core/Src/lcd.o
 .debug_macro   0x0000dbd0       0x35 ./Core/Src/lcd.o
 .debug_macro   0x0000dc05       0x20 ./Core/Src/lcd.o
 .debug_macro   0x0000dc25       0x1c ./Core/Src/lcd.o
 .debug_macro   0x0000dc41       0x10 ./Core/Src/lcd.o
 .debug_macro   0x0000dc51       0x1c ./Core/Src/lcd.o
 .debug_macro   0x0000dc6d       0x16 ./Core/Src/lcd.o
 .debug_macro   0x0000dc83      0x146 ./Core/Src/lcd.o
 .debug_macro   0x0000ddc9       0x46 ./Core/Src/lcd.o
 .debug_macro   0x0000de0f       0xa0 ./Core/Src/lcd.o
 .debug_macro   0x0000deaf      0x324 ./Core/Src/main.o
 .debug_macro   0x0000e1d3       0x40 ./Core/Src/main.o
 .debug_macro   0x0000e213       0x16 ./Core/Src/main.o
 .debug_macro   0x0000e229       0x16 ./Core/Src/main.o
 .debug_macro   0x0000e23f       0x29 ./Core/Src/main.o
 .debug_macro   0x0000e268       0x22 ./Core/Src/main.o
 .debug_macro   0x0000e28a      0x1a8 ./Core/Src/stm32f0xx_hal_msp.o
 .debug_macro   0x0000e432      0x1b2 ./Core/Src/stm32f0xx_it.o
 .debug_macro   0x0000e5e4      0x199 ./Core/Src/system_stm32f0xx.o
 .debug_macro   0x0000e77d      0x1bd ./Drivers/STM32F0xx_HAL_Driver/Src/stm32f0xx_hal.o
 .debug_macro   0x0000e93a      0x199 ./Drivers/STM32F0xx_HAL_Driver/Src/stm32f0xx_hal_cortex.o
 .debug_macro   0x0000ead3      0x1a0 ./Drivers/STM32F0xx_HAL_Driver/Src/stm32f0xx_hal_gpio.o
 .debug_macro   0x0000ec73      0x1ab ./Drivers/STM32F0xx_HAL_Driver/Src/stm32f0xx_hal_rcc.o

.debug_line     0x00000000     0x5a54
 .debug_line    0x00000000      0xb15 ./Core/Src/lcd.o
 .debug_line    0x00000b15      0xcae ./Core/Src/main.o
 .debug_line    0x000017c3      0x707 ./Core/Src/stm32f0xx_hal_msp.o
 .debug_line    0x00001eca      0x76b ./Core/Src/stm32f0xx_it.o
 .debug_line    0x00002635      0x776 ./Core/Src/system_stm32f0xx.o
 .debug_line    0x00002dab       0x7b ./Core/Startup/startup_stm32f030f4px.o
 .debug_line    0x00002e26      0x981 ./Drivers/STM32F0xx_HAL_Driver/Src/stm32f0xx_hal.o
 .debug_line    0x000037a7      0xa2d ./Drivers/STM32F0xx_HAL_Driver/Src/stm32f0xx_hal_cortex.o
 .debug_line    0x000041d4      0xb1a ./Drivers/STM32F0xx_HAL_Driver/Src/stm32f0xx_hal_gpio.o
 .debug_line    0x00004cee      0xd66 ./Drivers/STM32F0xx_HAL_Driver/Src/stm32f0xx_hal_rcc.o

.debug_str      0x00000000    0x57228
 .debug_str     0x00000000    0x562dc ./Core/Src/lcd.o
                              0x565a4 (size before relaxing)
 .debug_str     0x000562dc      0x445 ./Core/Src/main.o
                              0x56928 (size before relaxing)
 .debug_str     0x00056721       0x2c ./Core/Src/stm32f0xx_hal_msp.o
                              0x52af6 (size before relaxing)
 .debug_str     0x0005674d       0x82 ./Core/Src/stm32f0xx_it.o
                              0x52ade (size before relaxing)
 .debug_str     0x000567cf       0x8b ./Core/Src/system_stm32f0xx.o
                              0x52a9c (size before relaxing)
 .debug_str     0x0005685a       0x44 ./Core/Startup/startup_stm32f030f4px.o
                                 0x69 (size before relaxing)
 .debug_str     0x0005689e      0x48c ./Drivers/STM32F0xx_HAL_Driver/Src/stm32f0xx_hal.o
                              0x52ffb (size before relaxing)
 .debug_str     0x00056d2a      0x1d2 ./Drivers/STM32F0xx_HAL_Driver/Src/stm32f0xx_hal_cortex.o
                              0x52dec (size before relaxing)
 .debug_str     0x00056efc      0x112 ./Drivers/STM32F0xx_HAL_Driver/Src/stm32f0xx_hal_gpio.o
                              0x52c3d (size before relaxing)
 .debug_str     0x0005700e      0x21a ./Drivers/STM32F0xx_HAL_Driver/Src/stm32f0xx_hal_rcc.o
                              0x52ed8 (size before relaxing)

.comment        0x00000000       0x43
 .comment       0x00000000       0x43 ./Core/Src/lcd.o
                                 0x44 (size before relaxing)
 .comment       0x00000043       0x44 ./Core/Src/main.o
 .comment       0x00000043       0x44 ./Core/Src/stm32f0xx_hal_msp.o
 .comment       0x00000043       0x44 ./Core/Src/stm32f0xx_it.o
 .comment       0x00000043       0x44 ./Core/Src/system_stm32f0xx.o
 .comment       0x00000043       0x44 ./Drivers/STM32F0xx_HAL_Driver/Src/stm32f0xx_hal.o
 .comment       0x00000043       0x44 ./Drivers/STM32F0xx_HAL_Driver/Src/stm32f0xx_hal_cortex.o
 .comment       0x00000043       0x44 ./Drivers/STM32F0xx_HAL_Driver/Src/stm32f0xx_hal_gpio.o
 .comment       0x00000043       0x44 ./Drivers/STM32F0xx_HAL_Driver/Src/stm32f0xx_hal_rcc.o

.debug_frame    0x00000000      0xcc0
 .debug_frame   0x00000000      0x174 ./Core/Src/lcd.o
 .debug_frame   0x00000174      0x134 ./Core/Src/main.o
 .debug_frame   0x000002a8       0x30 ./Core/Src/stm32f0xx_hal_msp.o
 .debug_frame   0x000002d8       0x9c ./Core/Src/stm32f0xx_it.o
 .debug_frame   0x00000374       0x4c ./Core/Src/system_stm32f0xx.o
 .debug_frame   0x000003c0      0x2a4 ./Drivers/STM32F0xx_HAL_Driver/Src/stm32f0xx_hal.o
 .debug_frame   0x00000664      0x2a0 ./Drivers/STM32F0xx_HAL_Driver/Src/stm32f0xx_hal_cortex.o
 .debug_frame   0x00000904      0x110 ./Drivers/STM32F0xx_HAL_Driver/Src/stm32f0xx_hal_gpio.o
 .debug_frame   0x00000a14      0x198 ./Drivers/STM32F0xx_HAL_Driver/Src/stm32f0xx_hal_rcc.o
 .debug_frame   0x00000bac       0x20 C:/ST/STM32CubeIDE_1.16.0/STM32CubeIDE/plugins/com.st.stm32cube.ide.mcu.externaltools.gnu-tools-for-stm32.12.3.rel1.win32_1.0.200.202406191623/tools/bin/../lib/gcc/arm-none-eabi/12.3.1/../../../../arm-none-eabi/lib/thumb/v6-m/nofp\libc_nano.a(libc_a-memset.o)
 .debug_frame   0x00000bcc       0x2c C:/ST/STM32CubeIDE_1.16.0/STM32CubeIDE/plugins/com.st.stm32cube.ide.mcu.externaltools.gnu-tools-for-stm32.12.3.rel1.win32_1.0.200.202406191623/tools/bin/../lib/gcc/arm-none-eabi/12.3.1/../../../../arm-none-eabi/lib/thumb/v6-m/nofp\libc_nano.a(libc_a-init.o)
 .debug_frame   0x00000bf8       0x20 C:/ST/STM32CubeIDE_1.16.0/STM32CubeIDE/plugins/com.st.stm32cube.ide.mcu.externaltools.gnu-tools-for-stm32.12.3.rel1.win32_1.0.200.202406191623/tools/bin/../lib/gcc/arm-none-eabi/12.3.1/thumb/v6-m/nofp\libgcc.a(_udivsi3.o)
 .debug_frame   0x00000c18       0x34 C:/ST/STM32CubeIDE_1.16.0/STM32CubeIDE/plugins/com.st.stm32cube.ide.mcu.externaltools.gnu-tools-for-stm32.12.3.rel1.win32_1.0.200.202406191623/tools/bin/../lib/gcc/arm-none-eabi/12.3.1/thumb/v6-m/nofp\libgcc.a(_muldi3.o)
 .debug_frame   0x00000c4c       0x38 C:/ST/STM32CubeIDE_1.16.0/STM32CubeIDE/plugins/com.st.stm32cube.ide.mcu.externaltools.gnu-tools-for-stm32.12.3.rel1.win32_1.0.200.202406191623/tools/bin/../lib/gcc/arm-none-eabi/12.3.1/thumb/v6-m/nofp\libgcc.a(bpabi.o)
 .debug_frame   0x00000c84       0x3c C:/ST/STM32CubeIDE_1.16.0/STM32CubeIDE/plugins/com.st.stm32cube.ide.mcu.externaltools.gnu-tools-for-stm32.12.3.rel1.win32_1.0.200.202406191623/tools/bin/../lib/gcc/arm-none-eabi/12.3.1/thumb/v6-m/nofp\libgcc.a(_divdi3.o)

.debug_line_str
                0x00000000       0x4d
 .debug_line_str
                0x00000000       0x4d ./Core/Startup/startup_stm32f030f4px.o
