../Core/Src/lcd.c:154:6:lcd_write	32	static
../Core/Src/lcd.c:116:6:lcd_write_command.part.0	16	static
../Core/Src/lcd.c:116:6:lcd_write_command	16	static
../Core/Src/lcd.c:135:6:lcd_write_data	16	static
../Core/Src/lcd.c:42:6:Lcd_init	8	static
../Core/Src/lcd.c:16:19:Lcd_create	48	static
../Core/Src/lcd.c:73:6:Lcd_string	16	static
../Core/Src/lcd.c:84:6:Lcd_cursor	8	static
../Core/Src/lcd.c:98:6:Lcd_clear	8	static
../Core/Src/lcd.c:102:6:Lcd_define_char	16	static
../Core/Src/lcd.c:166:6:longLongToStr	32	static
../Core/Src/lcd.c:62:6:Lcd_int	32	static
